// Jest Snapshot v1, https://goo.gl/fbAQLP

exports[`SchemaModel mutations insertFieldAt generates patches 1`] = `
[
  {
    "fieldName": "email",
    "patch": {
      "op": "add",
      "path": "/properties/email",
      "value": {
        "default": "",
        "type": "string",
      },
    },
    "propertyChanges": [
      {
        "from": undefined,
        "property": "default",
        "to": "",
      },
    ],
  },
]
`;
